// Jest Snapshot v1, https://goo.gl/fbAQLP

exports[`SignInScreen makes sure screen matches snapShot 1`] = `
<View
  style={
    Object {
      "backgroundColor": "white",
      "flex": 1,
    }
  }
>
  <View
    accessibilityIgnoresInvertColors={true}
    style={
      Object {
        "alignItems": "center",
        "justifyContent": "center",
        "paddingVertical": "30%",
        "resizeMode": "center",
        "width": "100%",
      }
    }
  >
    <Image
      source={1}
      style={
        Array [
          Object {
            "bottom": 0,
            "left": 0,
            "position": "absolute",
            "right": 0,
            "top": 0,
          },
          Object {
            "height": undefined,
            "width": "100%",
          },
          undefined,
        ]
      }
    />
    <Image
      source={1}
      style={
        Object {
          "alignSelf": "center",
          "height": 40,
          "resizeMode": "center",
          "width": "70%",
        }
      }
    />
    <Text
      style={
        Object {
          "fontFamily": "Cairo-Bold",
          "fontSize": 27,
        }
      }
    >
      signInScreen.WelcomeBack
    </Text>
  </View>
  <View
    style={
      Object {
        "left": "8%",
        "position": "absolute",
        "top": "7%",
      }
    }
  >
    <View
      accessible={true}
      focusable={false}
      onClick={[Function]}
      onResponderGrant={[Function]}
      onResponderMove={[Function]}
      onResponderRelease={[Function]}
      onResponderTerminate={[Function]}
      onResponderTerminationRequest={[Function]}
      onStartShouldSetResponder={[Function]}
      style={
        Object {
          "alignItems": "center",
          "borderColor": "#EBEAEC",
          "borderRadius": 56.25,
          "borderWidth": 0.7,
          "height": 112.5,
          "justifyContent": "center",
          "opacity": 1,
          "width": 112.5,
        }
      }
    >
      <Text />
    </View>
  </View>
  <View
    style={
      Object {
        "alignItems": "center",
        "flex": 1,
        "justifyContent": "center",
        "width": "100%",
      }
    }
  >
    <TextInput
      allowFontScaling={true}
      autoCompleteType="email"
      onBlur={[Function]}
      onChangeText={[Function]}
      placeholder="signInScreen.emailAddress"
      rejectResponderTermination={true}
      style={
        Object {
          "backgroundColor": "#F2F3F7",
          "borderRadius": 15,
          "height": 70,
          "marginBottom": 15,
          "padding": 20,
          "width": "80%",
        }
      }
      underlineColorAndroid="transparent"
      value=""
    />
    <TextInput
      allowFontScaling={true}
      autoCompleteType="password"
      onBlur={[Function]}
      onChangeText={[Function]}
      placeholder="signInScreen.password"
      rejectResponderTermination={true}
      secureTextEntry={true}
      style={
        Object {
          "backgroundColor": "#F2F3F7",
          "borderRadius": 15,
          "height": 70,
          "marginBottom": 15,
          "padding": 20,
          "width": "80%",
        }
      }
      underlineColorAndroid="transparent"
      value=""
    />
    <View
      style={
        Object {
          "alignItems": "center",
          "justifyContent": "center",
          "width": "100%",
        }
      }
    >
      <View
        accessible={true}
        focusable={true}
        onClick={[Function]}
        onResponderGrant={[Function]}
        onResponderMove={[Function]}
        onResponderRelease={[Function]}
        onResponderTerminate={[Function]}
        onResponderTerminationRequest={[Function]}
        onStartShouldSetResponder={[Function]}
        style={
          Object {
            "alignItems": "center",
            "alignSelf": "center",
            "backgroundColor": "#11698E",
            "borderColor": "white",
            "borderRadius": 30,
            "borderWidth": 2,
            "height": 55,
            "justifyContent": "center",
            "opacity": 1,
            "width": "80%",
          }
        }
      >
        <Text
          style={
            Object {
              "color": "white",
              "fontFamily": "Cairo-Bold",
              "fontSize": 37.5,
            }
          }
        >
          signInScreen.logIn
        </Text>
      </View>
      <View
        accessible={true}
        focusable={false}
        onClick={[Function]}
        onResponderGrant={[Function]}
        onResponderMove={[Function]}
        onResponderRelease={[Function]}
        onResponderTerminate={[Function]}
        onResponderTerminationRequest={[Function]}
        onStartShouldSetResponder={[Function]}
        style={
          Object {
            "opacity": 1,
          }
        }
      >
        <Text
          style={
            Object {
              "fontFamily": "Cairo-Regular",
              "fontSize": 26.68,
              "paddingHorizontal": 5,
            }
          }
        >
          signInScreen.forgotPassword
        </Text>
      </View>
    </View>
  </View>
  <View
    style={
      Object {
        "alignItems": "center",
        "flexDirection": "row",
        "justifyContent": "center",
        "padding": 20,
      }
    }
  >
    <Text
      style={
        Object {
          "fontFamily": "Cairo-Regular",
          "fontSize": 33.35,
          "paddingHorizontal": 5,
        }
      }
    >
      signInScreen.notMember
    </Text>
    <View
      accessible={true}
      focusable={true}
      onClick={[Function]}
      onResponderGrant={[Function]}
      onResponderMove={[Function]}
      onResponderRelease={[Function]}
      onResponderTerminate={[Function]}
      onResponderTerminationRequest={[Function]}
      onStartShouldSetResponder={[Function]}
      style={
        Object {
          "opacity": 1,
        }
      }
    >
      <Text
        style={
          Object {
            "color": "#11698E",
            "fontFamily": "Cairo-Regular",
            "fontSize": 33.35,
            "paddingHorizontal": 5,
          }
        }
      >
        signInScreen.signUp
      </Text>
    </View>
  </View>
</View>
`;
